../Core/Src/main.c:81:5:main	104	static
../Core/Src/main.c:201:6:SystemClock_Config	88	static
../Core/Src/main.c:247:13:MX_CAN1_Init	8	static
../Core/Src/main.c:284:13:MX_I2C1_Init	8	static
../Core/Src/main.c:318:13:MX_I2S3_Init	8	static
../Core/Src/main.c:352:13:MX_SPI1_Init	8	static
../Core/Src/main.c:390:13:MX_USART2_UART_Init	8	static
../Core/Src/main.c:423:13:MX_GPIO_Init	56	static
../Core/Src/main.c:517:5:_write	24	static
../Core/Src/main.c:529:6:Error_Handler	4	static,ignoring_inline_asm
