../Core/Src/main.c:76:6:microDelay	16	static
../Core/Src/main.c:82:9:DHT22_Start	32	static
../Core/Src/main.c:113:9:DHT22_Read	16	static
../Core/Src/main.c:145:5:main	8	static
../Core/Src/main.c:218:6:SystemClock_Config	80	static
../Core/Src/main.c:260:13:MX_ETH_Init	8	static
../Core/Src/main.c:307:13:MX_TIM1_Init	32	static
../Core/Src/main.c:353:13:MX_USART3_UART_Init	8	static
../Core/Src/main.c:386:13:MX_USB_OTG_FS_PCD_Init	8	static
../Core/Src/main.c:420:13:MX_GPIO_Init	56	static
../Core/Src/main.c:486:6:Error_Handler	4	static,ignoring_inline_asm
