../Core/Src/main.c:82:6:DWT_Delay_Init	4	static
../Core/Src/main.c:89:6:delay_us	24	static
../Core/Src/main.c:97:6:Set_Pin_Output	32	static
../Core/Src/main.c:107:6:Set_Pin_Input	32	static
../Core/Src/main.c:117:9:DHT22_Start	16	static
../Core/Src/main.c:142:9:DHT22_Read	16	static
../Core/Src/main.c:177:5:main	160	static
../Core/Src/main.c:313:6:SystemClock_Config	80	static
../Core/Src/main.c:354:13:MX_CAN1_Init	8	static
../Core/Src/main.c:391:13:MX_ETH_Init	8	static
../Core/Src/main.c:438:13:MX_USART3_UART_Init	8	static
../Core/Src/main.c:471:13:MX_USB_OTG_FS_PCD_Init	8	static
../Core/Src/main.c:505:13:MX_GPIO_Init	56	static
../Core/Src/main.c:566:6:HAL_CAN_TxMailbox0CompleteCallback	16	static
../Core/Src/main.c:576:6:Error_Handler	4	static,ignoring_inline_asm
